created a log file for my app repository

